// Jest Snapshot v1, https://goo.gl/fbAQLP

exports[`Renders 1`] = `
<nav
  aria-label="main navigation"
  className="navbar"
  role="navigation"
>
  <div
    className="navbar-brand"
  >
    <a
      className="navbar-item"
      href="https://brand-link"
    >
      Test App
    </a>
  </div>
</nav>
`;
