// Jest Snapshot v1, https://goo.gl/fbAQLP

exports[`Renders 1`] = `
<nav
  aria-label="main navigation"
  className="navbar"
  role="navigation"
>
  <div
    className="section"
    style={
      Object {
        "width": "100%",
      }
    }
  >
    <div
      className="container"
    >
      <div
        className="navbar-brand"
      >
        <img
          src="/logo.png"
          style={
            Object {
              "height": 60,
            }
          }
        />
        <a
          className="navbar-item brand-name"
          href="https://brand-link"
        >
          Test App
        </a>
      </div>
    </div>
    <div
      className="column"
    />
  </div>
</nav>
`;
