// Jest Snapshot v1, https://goo.gl/fbAQLP

exports[`Renders 1`] = `
<div>
  <div
    className="col-md-12"
    id="Header"
  >
    <div
      className="row"
    >
      <div
        className="col-md-1"
      />
      <div
        className="col-md-11"
        style={
          Object {
            "paddingLeft": "0px",
          }
        }
      >
        <a
          className="navbar-brand"
          href="https://brand-link"
        >
          Test App
        </a>
      </div>
    </div>
    <div
      className="navbar-collapse collapse"
    />
  </div>
</div>
`;
