// Jest Snapshot v1, https://goo.gl/fbAQLP

exports[`Renders 1`] = `
<form>
  <div
    className="field is-horizontal"
    key="signatureTypes"
  >
    <div
      className="field-label is-normal"
    >
      <label
        className="label field-label"
      >
        Signature Type
      </label>
    </div>
    <div
      className="field-body"
    >
      <div
        className="control"
        key="signatureTypes"
      >
        <div
          className="field is-narrow"
        >
          <div
            className="control"
          >
            <label
              className="radio"
              key="0"
            >
              <input
                checked={true}
                className="radioInput"
                id="readify"
                name="signatureTypeOpt"
                onChange={[Function]}
                type="radio"
              />
              Readify
            </label>
            <label
              className="radio"
              key="1"
            >
              <input
                checked={false}
                className="radioInput"
                id="readifySupport"
                name="signatureTypeOpt"
                onChange={[Function]}
                type="radio"
              />
              Readify Support
            </label>
            <label
              className="radio"
              key="2"
            >
              <input
                checked={false}
                className="radioInput"
                id="btsDigital"
                name="signatureTypeOpt"
                onChange={[Function]}
                type="radio"
              />
              BTS Digital
            </label>
          </div>
        </div>
      </div>
    </div>
  </div>
  <div
    className="field is-horizontal"
    key="name"
  >
    <div
      className="field-label is-normal"
    >
      <label
        className="label field-label"
      >
        Your Name:
      </label>
    </div>
    <div
      className="field-body"
    >
      <div
        className="control"
        key="name"
      >
        <input
          className="input"
          onChange={[Function]}
          placeholder="Your Name"
          style={
            Object {
              "width": "300px",
            }
          }
          value=""
        />
      </div>
    </div>
  </div>
  <div
    className="field is-horizontal"
    key="title"
  >
    <div
      className="field-label is-normal"
    >
      <label
        className="label field-label"
      >
        Job Title:
      </label>
    </div>
    <div
      className="field-body"
    >
      <div
        className="control"
        key="title"
      >
        <input
          className="input"
          onChange={[Function]}
          placeholder="Job Title"
          style={
            Object {
              "width": "300px",
            }
          }
          value=""
        />
      </div>
    </div>
  </div>
  <div
    className="field is-horizontal"
    key="qualifications"
  >
    <div
      className="field-label is-normal"
    >
      <label
        className="label field-label"
      >
        Qualifications: (Optional)
      </label>
    </div>
    <div
      className="field-body"
    >
      <div
        className="control"
        key="qualifications"
      >
        <input
          className="input"
          onChange={[Function]}
          placeholder="Jedi Master | PSM I"
          style={
            Object {
              "width": "300px",
            }
          }
          value=""
        />
      </div>
    </div>
  </div>
  <div
    className="field is-horizontal"
    key="mobile"
  >
    <div
      className="field-label is-normal"
    >
      <label
        className="label field-label"
      >
        Mobile:
      </label>
    </div>
    <div
      className="field-body"
    >
      <div
        className="control"
        key="mobile"
      >
        <input
          className="input"
          onChange={[Function]}
          placeholder="+61 111 222 333"
          style={
            Object {
              "width": "300px",
            }
          }
          value=""
        />
      </div>
    </div>
  </div>
  <div
    className="field is-horizontal"
    key="email"
  >
    <div
      className="field-label is-normal"
    >
      <label
        className="label field-label"
      >
        Email:
      </label>
    </div>
    <div
      className="field-body"
    >
      <div
        className="control"
        key="email"
      >
        <input
          className="input"
          onChange={[Function]}
          placeholder="your.name@readify.net"
          style={
            Object {
              "width": "300px",
            }
          }
          value=""
        />
      </div>
    </div>
  </div>
  <div
    className="field is-horizontal"
    key="twitter"
  >
    <div
      className="field-label is-normal"
    >
      <label
        className="label field-label"
      >
        Twitter: (Optional)
      </label>
    </div>
    <div
      className="field-body"
    >
      <div
        className="control"
        key="twitter"
      >
        <input
          className="input"
          onChange={[Function]}
          placeholder="@myTwitter"
          style={
            Object {
              "width": "300px",
            }
          }
          value=""
        />
      </div>
    </div>
  </div>
  <hr />
  <withProps(mapProps(SignatureContainer))
    email=""
    mobile=""
    name=""
    placeholders={
      Object {
        "email": "your.name@readify.net",
        "mobile": "+61 111 222 333",
        "name": "Your Name",
        "qualifications": "Jedi Master | PSM I",
        "title": "Job Title",
        "twitter": "@myTwitter",
      }
    }
    qualifications=""
    sigType={false}
    signatureTypes={
      Array [
        Object {
          "checked": true,
          "text": "Readify",
          "type": "readify",
        },
        Object {
          "checked": false,
          "text": "Readify Support",
          "type": "support",
        },
        Object {
          "checked": false,
          "text": "BTS Digital",
          "type": "bts",
        },
      ]
    }
    title=""
    twitter=""
  />
</form>
`;
