// Jest Snapshot v1, https://goo.gl/fbAQLP

exports[`Renders 1`] = `
<div
  className="content"
>
  <table
    border="0"
    cellPadding="0"
    cellSpacing="0"
    style={
      Object {
        "color": "#3A576B",
        "fontFamily": "Ariel, sans-serif",
        "fontSize": "10.5px",
      }
    }
    width="100%"
  >
    <tr>
      <td
        valign="top"
      >
        <p
          style={
            Object {
              "color": "#333333",
              "fontSize": "12px",
              "lineHeight": "15px",
              "margin": "0",
            }
          }
        >
          <span
            style={
              Object {
                "color": "#3A576B",
                "fontWeight": "bold",
              }
            }
          >
            your name
          </span>
          <br />
          <span
            style={
              Object {
                "color": "#3A576B",
              }
            }
          >
            Job Title
          </span>
          <br />
          Business Technology Services - Digital
           | 
          Telstra Enterprise
        </p>
      </td>
    </tr>
    <tr>
      <td
        valign="top"
      >
        <span
          style={
            Object {
              "color": "#333333",
              "fontSize": "12px",
              "lineHeight": "15px",
              "margin": "0",
            }
          }
        >
          <b>
            P
          </b>
            
          <a
            dangerouslySetInnerHTML={
              Object {
                "__html": "+61&nbsp;123&nbsp;456&nbsp;789",
              }
            }
            href="tel:+61123456789"
            style={
              Object {
                "fontFamily": "Ariel, sans-serif",
                "fontWeight": "200",
              }
            }
          />
        </span>
        <span
          style={
            Object {
              "color": "#333333",
              "fontSize": "12px",
              "lineHeight": "15px",
              "margin": "0",
            }
          }
        >
          <span
            dangerouslySetInnerHTML={
              Object {
                "__html": "&nbsp;&nbsp;",
              }
            }
          />
          <b>
            M
          </b>
            
          <a
            dangerouslySetInnerHTML={
              Object {
                "__html": "+61&nbsp;111&nbsp;222&nbsp;333",
              }
            }
            href="tel:+61111222333"
            style={
              Object {
                "fontFamily": "Ariel, sans-serif",
                "fontWeight": "200",
              }
            }
          />
        </span>
        <span
          style={
            Object {
              "color": "#333333",
              "fontSize": "12px",
              "lineHeight": "15px",
              "margin": "0",
            }
          }
        >
            
          <b>
            E
          </b>
            
          <a
            href="mailto:your.name@readify.net"
            style={
              Object {
                "fontFamily": "Ariel, sans-serif",
                "fontWeight": "200",
              }
            }
          >
            your.name@readify.net
          </a>
        </span>
        <span
          style={
            Object {
              "color": "#333333",
              "fontSize": "12px",
              "lineHeight": "15px",
              "margin": "0",
            }
          }
        >
            
          <b>
            T
          </b>
            
          <a
            href="https://twitter.com/test"
            rel="noopener noreferrer"
            style={
              Object {
                "fontFamily": "Ariel, sans-serif",
                "fontWeight": "200",
              }
            }
            target="_blank"
          >
            @test
          </a>
        </span>
        <span
          style={
            Object {
              "color": "#333333",
              "fontSize": "12px",
              "lineHeight": "15px",
              "margin": "0",
            }
          }
        >
            
          <b>
            W
          </b>
            
          <a
            href="https://www.telstra.com.au/business-enterprise"
            style={
              Object {
                "fontFamily": "Ariel, sans-serif",
                "fontWeight": "200",
              }
            }
          >
            www.telstra.com.au/business-enterprise
          </a>
        </span>
      </td>
    </tr>
    <tr>
      <td
        valign="top"
      >
        <p
          style={
            Object {
              "color": "#333333",
              "fontSize": "10px",
              "lineHeight": "11px",
              "margin": "0",
            }
          }
        >
          This email may contain confidential information.
          <br />
          If I've sent it to you by accident, please delete it immediately
        </p>
      </td>
    </tr>
  </table>
</div>
`;
