// Jest Snapshot v1, https://goo.gl/fbAQLP

exports[`Renders 1`] = `
<div>
  <table
    border="0"
    cellPadding="0"
    cellSpacing="0"
    style={
      Object {
        "color": "#3D5567",
        "fontFamily": "Segoe UI, Tahoma, Geneva, Verdana, sans-serif",
        "fontSize": "10.5pt",
      }
    }
    width="100%"
  >
    <tr>
      <td
        style={
          Object {
            "borderRight": "1px solid #3D5567",
            "paddingRight": "20px",
            "width": "76px",
          }
        }
        valign="top"
      >
        <img
          height="53"
          src={[Function]}
          width="73"
        />
      </td>
      <td
        style={
          Object {
            "paddingLeft": "20px",
          }
        }
        valign="top"
      >
        <p
          style={
            Object {
              "marginBottom": "10px",
            }
          }
        >
          <b>
            your name
          </b>
          <br />
           | 
          Job Title
        </p>
        <p
          style={
            Object {
              "marginBottom": "10px",
            }
          }
        >
          Jedi Master | PSM I
        </p>
        <p
          style={
            Object {
              "marginBottom": "20px",
            }
          }
        >
          <span>
            <b>
              M
            </b>
             
             
          </span>
          <span>
              
          </span>
          <span>
            <b>
              E
            </b>
             
             
          </span>
          <span>
            <b>
              W
            </b>
             
            <a
              href="https://test.com"
            >
              Test
            </a>
          </span>
        </p>
        <SocialMedia />
      </td>
    </tr>
  </table>
</div>
`;
